--- Copying files at Mon Apr 21 20:40:18 UTC 2025
--- Copied files finished at Mon Apr 21 20:40:18 UTC 2025
--- Copying files at Mon Apr 21 21:19:40 UTC 2025
--- Copied files finished at Mon Apr 21 21:19:40 UTC 2025
--- Copying files at Mon Apr 21 21:25:34 UTC 2025
--- Copied files finished at Mon Apr 21 21:25:34 UTC 2025
--- Copying files at Mon Apr 28 20:26:05 UTC 2025
--- Copied files finished at Mon Apr 28 20:26:05 UTC 2025
--- Copying files at Mon May 19 22:47:27 UTC 2025
--- Copied files finished at Mon May 19 22:47:27 UTC 2025
--- Copying files at Sun May 25 23:37:27 UTC 2025
--- Copied files finished at Sun May 25 23:37:27 UTC 2025
--- Copying files at Mon May 26 18:22:56 UTC 2025
--- Copied files finished at Mon May 26 18:22:56 UTC 2025
--- Copying files at Mon May 26 20:40:16 UTC 2025
--- Copied files finished at Mon May 26 20:40:16 UTC 2025
--- Copying files at Tue May 27 14:52:57 UTC 2025
--- Copied files finished at Tue May 27 14:52:57 UTC 2025
--- Copying files at Tue May 27 15:55:43 UTC 2025
--- Copied files finished at Tue May 27 15:55:43 UTC 2025
--- Copying files at Wed May 28 20:43:27 UTC 2025
--- Copied files finished at Wed May 28 20:43:27 UTC 2025
--- Copying files at Fri May 30 01:12:45 UTC 2025
--- Copied files finished at Fri May 30 01:12:45 UTC 2025
--- Copying files at Fri May 30 18:33:10 UTC 2025
--- Copied files finished at Fri May 30 18:33:10 UTC 2025
